FM_TEST_BEGIN 2026-09-01T22:32:47Z tests/fm-secondmate-liveness.test.sh family=secondmate expected_gate_skip=none
ok - fm_backend_tmux_agent_state: separates live, dead, missing, ambiguous, and unreadable
permission denied
ok - fm_backend_endpoint_blocks_respawn: unreadable tmux inventory blocks a respawn
ok - fm_backend_endpoint_blocks_respawn: an unloadable adapter blocks a respawn
ok - fm_backend_tmux_window_exists: window names match literally, not as regexes
ok - fm_backend_tmux_agent_state: rejects malformed targets before probing tmux
ok - fm_backend_herdr_agent_state: preserves missing/no-agent/live/unknown husk behavior
ok - fm_backend_agent_state: routes tmux/Herdr and keeps Zellij unverified
ok - sweep: a confirmed-dead secondmate endpoint is killed and respawned
ok - sweep: an already-live secondmate is untouched and distinguishable in verbose diagnostics
ok - sweep: an authoritatively missing Pi secondmate window is relaunched
ok - sweep: an authoritatively missing pi-signed secondmate window is relaunched
ok - sweep: an existing ambiguous Pi process prevents duplicate recovery
ok - sweep: transient target unreadability never licenses recovery
ok - sweep: failed relaunch diagnostics distinguish a confidently missing endpoint
ok - sweep: an unverified harness blocks recovery with a concrete diagnostic
ok - sweep: idempotent by construction - a live secondmate is never re-touched on a later run
ok - sweep: skipped entirely under FM_BOOTSTRAP_DETECT_ONLY=1, exactly like the other mutating sweeps
ok - sweep: a silent no-op with no kind=secondmate meta present (a secondmate home's own natural scoping)
# all fm-secondmate-liveness tests passed
FM_TEST_END 2026-09-01T22:33:25Z tests/fm-secondmate-liveness.test.sh exit=0 duration_ms=37771 gate_skip=false
FM_TEST_SUMMARY total=1 failed=0 skipped_gate=0 duration_ms=37866
FM_TEST_SUMMARY_FAMILY family=secondmate count=1 duration_ms=37771 failed=0
FM_TEST_SLOWEST rank=1 script=tests/fm-secondmate-liveness.test.sh duration_ms=37771
FM_TEST_BUDGET max_wall_ms=300000 duration_ms=37866
